// Jest Snapshot v1, https://goo.gl/fbAQLP

exports[`Home renders correctly 1`] = `
<section
  class="container home-container"
>
  <h2>
    Welcome to Math Magicians!
  </h2>
  <p>
    Math Magicians is a website that provides a simple calculator for basic arithmetic operations, as well as a random quote generator to inspire your mathematical thinking. Our goal is to make math fun and accessible for everyone, regardless of their background or experience level.
  </p>
  <p>
    Whether you're a student looking to improve your math skills, a teacher searching for new ideas and resources, or simply someone who enjoys playing with numbers, Math Magicians has something for you. Try our calculator to solve simple or complex equations, or explore our quote generator to discover insightful and inspiring quotes.
  </p>
</section>
`;
